Connecting to host 127.0.0.1, port 5201
[  6] local 127.0.0.1 port 49998 connected to 127.0.0.1 port 5201
[ ID] Interval           Transfer     Bitrate         Retr  Cwnd
[  6]   0.00-1.00   sec  7.77 GBytes  66.6 Gbits/sec    0   1023 KBytes       
[  6]   1.00-2.00   sec  8.21 GBytes  70.5 Gbits/sec    0   1023 KBytes       
[  6]   2.00-3.00   sec  8.50 GBytes  73.0 Gbits/sec    0   1023 KBytes       
[  6]   3.00-4.00   sec  8.25 GBytes  70.9 Gbits/sec    0   1023 KBytes       
[  6]   4.00-5.00   sec  8.23 GBytes  70.7 Gbits/sec    0   1023 KBytes       
[  6]   5.00-6.00   sec  8.42 GBytes  72.4 Gbits/sec    0   1023 KBytes       
[  6]   6.00-7.00   sec  8.44 GBytes  72.5 Gbits/sec    0   1023 KBytes       
[  6]   7.00-8.00   sec  8.53 GBytes  73.3 Gbits/sec    0   1023 KBytes       
[  6]   8.00-9.00   sec  8.42 GBytes  72.3 Gbits/sec    0   1023 KBytes       
[  6]   9.00-10.00  sec  8.07 GBytes  69.4 Gbits/sec    0   1023 KBytes       
[  6]  10.00-11.00  sec  8.30 GBytes  71.3 Gbits/sec    0   1023 KBytes       
[  6]  11.00-12.00  sec  7.37 GBytes  63.3 Gbits/sec    0   1023 KBytes       
[  6]  12.00-13.00  sec  8.42 GBytes  72.4 Gbits/sec    0   1023 KBytes       
[  6]  13.00-14.00  sec  8.35 GBytes  71.7 Gbits/sec    0   1023 KBytes       
[  6]  14.00-15.00  sec  8.28 GBytes  71.1 Gbits/sec    0   1023 KBytes       
[  6]  15.00-16.00  sec  8.57 GBytes  73.6 Gbits/sec    0   1023 KBytes       
[  6]  16.00-17.00  sec  8.53 GBytes  73.2 Gbits/sec    0   1023 KBytes       
[  6]  17.00-18.00  sec  8.32 GBytes  71.4 Gbits/sec    0   1023 KBytes       
[  6]  18.00-19.00  sec  8.34 GBytes  71.6 Gbits/sec    0   1023 KBytes       
[  6]  19.00-20.00  sec  8.41 GBytes  72.3 Gbits/sec    0   1023 KBytes       
[  6]  20.00-21.00  sec  8.54 GBytes  73.3 Gbits/sec    0   1023 KBytes       
[  6]  21.00-22.00  sec  8.21 GBytes  70.5 Gbits/sec    0   1023 KBytes       
[  6]  22.00-23.00  sec  8.12 GBytes  69.8 Gbits/sec    0   1023 KBytes       
[  6]  23.00-24.00  sec  8.15 GBytes  70.0 Gbits/sec    0   1023 KBytes       
[  6]  24.00-25.00  sec  8.26 GBytes  70.9 Gbits/sec    0   1023 KBytes       
[  6]  25.00-26.00  sec  8.02 GBytes  68.9 Gbits/sec    0   1023 KBytes       
[  6]  26.00-27.00  sec  8.10 GBytes  69.6 Gbits/sec    0   1023 KBytes       
[  6]  27.00-28.00  sec  7.90 GBytes  67.9 Gbits/sec    0   1023 KBytes       
[  6]  28.00-29.00  sec  8.51 GBytes  73.1 Gbits/sec    0   1023 KBytes       
[  6]  29.00-30.00  sec  8.19 GBytes  70.4 Gbits/sec    0   1023 KBytes       
- - - - - - - - - - - - - - - - - - - - - - - - -
[ ID] Interval           Transfer     Bitrate         Retr
[  6]   0.00-30.00  sec   253 GBytes  72.5 Gbits/sec    0            sender
[  6]   0.00-30.00  sec   253 GBytes  72.5 Gbits/sec                  receiver

iperf Done.
Connecting to host 127.0.0.1, port 5201
[  6] local 127.0.0.1 port 44088 connected to 127.0.0.1 port 5201
[ ID] Interval           Transfer     Bitrate         Retr  Cwnd
[  6]   0.00-1.00   sec  7.80 GBytes  67.0 Gbits/sec    0   1023 KBytes       
[  6]   1.00-2.00   sec  8.48 GBytes  72.7 Gbits/sec    0   1023 KBytes       
[  6]   2.00-3.00   sec  8.36 GBytes  71.9 Gbits/sec    0   1023 KBytes       
[  6]   3.00-4.00   sec  7.72 GBytes  66.3 Gbits/sec    0   1023 KBytes       
[  6]   4.00-5.00   sec  8.08 GBytes  69.4 Gbits/sec    0   1023 KBytes       
[  6]   5.00-6.00   sec  7.69 GBytes  66.1 Gbits/sec    0   1023 KBytes       
[  6]   6.00-7.00   sec  8.32 GBytes  71.4 Gbits/sec    0   1023 KBytes       
[  6]   7.00-8.00   sec  8.39 GBytes  72.1 Gbits/sec    0   1023 KBytes       
[  6]   8.00-9.00   sec  8.20 GBytes  70.5 Gbits/sec    0   1023 KBytes       
[  6]   9.00-10.00  sec  8.38 GBytes  72.0 Gbits/sec    0   1023 KBytes       
[  6]  10.00-11.00  sec  8.19 GBytes  70.4 Gbits/sec    0   1023 KBytes       
[  6]  11.00-12.00  sec  8.41 GBytes  72.2 Gbits/sec    0   1023 KBytes       
[  6]  12.00-13.00  sec  8.42 GBytes  72.4 Gbits/sec    0   1023 KBytes       
[  6]  13.00-14.00  sec  7.94 GBytes  68.1 Gbits/sec    0   1023 KBytes       
[  6]  14.00-15.00  sec  7.35 GBytes  63.1 Gbits/sec    0   1023 KBytes       
[  6]  15.00-16.00  sec  8.35 GBytes  71.7 Gbits/sec    0   1023 KBytes       
[  6]  16.00-17.00  sec  7.55 GBytes  64.9 Gbits/sec    0   1023 KBytes       
[  6]  17.00-18.00  sec  8.16 GBytes  70.2 Gbits/sec    0   1023 KBytes       
[  6]  18.00-19.00  sec  8.34 GBytes  71.6 Gbits/sec    0   1023 KBytes       
[  6]  19.00-20.00  sec  8.24 GBytes  70.8 Gbits/sec    0   1023 KBytes       
[  6]  20.00-21.00  sec  8.41 GBytes  72.3 Gbits/sec    0   1023 KBytes       
[  6]  21.00-22.00  sec  8.36 GBytes  71.9 Gbits/sec    0   1023 KBytes       
[  6]  22.00-23.00  sec  8.44 GBytes  72.4 Gbits/sec    0   1023 KBytes       
[  6]  23.00-24.00  sec  7.93 GBytes  68.2 Gbits/sec    0   1023 KBytes       
[  6]  24.00-25.00  sec  8.19 GBytes  70.4 Gbits/sec    0   1023 KBytes       
[  6]  25.00-26.00  sec  7.58 GBytes  65.2 Gbits/sec    0   1023 KBytes       
[  6]  26.00-27.00  sec  8.29 GBytes  71.2 Gbits/sec    0   1023 KBytes       
[  6]  27.00-28.00  sec  8.28 GBytes  71.1 Gbits/sec    0   1023 KBytes       
[  6]  28.00-29.00  sec  7.96 GBytes  68.4 Gbits/sec    0   1023 KBytes       
[  6]  29.00-30.00  sec  7.73 GBytes  66.4 Gbits/sec    0   1023 KBytes       
- - - - - - - - - - - - - - - - - - - - - - - - -
[ ID] Interval           Transfer     Bitrate         Retr
[  6]   0.00-30.00  sec   251 GBytes  71.9 Gbits/sec    0            sender
[  6]   0.00-30.00  sec   251 GBytes  71.9 Gbits/sec                  receiver

iperf Done.
Connecting to host 127.0.0.1, port 5201
[  6] local 127.0.0.1 port 37844 connected to 127.0.0.1 port 5201
[ ID] Interval           Transfer     Bitrate         Retr  Cwnd
[  6]   0.00-1.00   sec  8.04 GBytes  69.1 Gbits/sec    0   1023 KBytes       
[  6]   1.00-2.00   sec  8.26 GBytes  71.0 Gbits/sec    0   1023 KBytes       
[  6]   2.00-3.00   sec  8.05 GBytes  69.1 Gbits/sec    0   1023 KBytes       
[  6]   3.00-4.00   sec  8.32 GBytes  71.5 Gbits/sec    0   1023 KBytes       
[  6]   4.00-5.00   sec  8.38 GBytes  72.0 Gbits/sec    0   1023 KBytes       
[  6]   5.00-6.00   sec  8.19 GBytes  70.4 Gbits/sec    0   1023 KBytes       
[  6]   6.00-7.00   sec  8.35 GBytes  71.8 Gbits/sec    0   1023 KBytes       
[  6]   7.00-8.00   sec  8.32 GBytes  71.4 Gbits/sec    0   1023 KBytes       
[  6]   8.00-9.00   sec  8.51 GBytes  73.1 Gbits/sec    0   1023 KBytes       
[  6]   9.00-10.00  sec  8.25 GBytes  70.9 Gbits/sec    0   1023 KBytes       
[  6]  10.00-11.00  sec  8.08 GBytes  69.4 Gbits/sec    0   1023 KBytes       
[  6]  11.00-12.00  sec  8.55 GBytes  73.5 Gbits/sec    0   1023 KBytes       
[  6]  12.00-13.00  sec  8.27 GBytes  71.0 Gbits/sec    0   1023 KBytes       
[  6]  13.00-14.00  sec  8.40 GBytes  72.1 Gbits/sec    0   1023 KBytes       
[  6]  14.00-15.00  sec  7.79 GBytes  66.9 Gbits/sec    0   1023 KBytes       
[  6]  15.00-16.00  sec  8.49 GBytes  72.9 Gbits/sec    0   1023 KBytes       
[  6]  16.00-17.00  sec  7.92 GBytes  68.1 Gbits/sec    0   1023 KBytes       
[  6]  17.00-18.00  sec  8.07 GBytes  69.3 Gbits/sec    0   1023 KBytes       
[  6]  18.00-19.00  sec  8.19 GBytes  70.4 Gbits/sec    0   1023 KBytes       
[  6]  19.00-20.00  sec  8.53 GBytes  73.2 Gbits/sec    0   1023 KBytes       
[  6]  20.00-21.00  sec  8.29 GBytes  71.2 Gbits/sec    0   1023 KBytes       
[  6]  21.00-22.00  sec  7.97 GBytes  68.4 Gbits/sec    0   1023 KBytes       
[  6]  22.00-23.00  sec  7.86 GBytes  67.6 Gbits/sec    0   1023 KBytes       
[  6]  23.00-24.00  sec  7.99 GBytes  68.7 Gbits/sec    0   1023 KBytes       
[  6]  24.00-25.00  sec  8.07 GBytes  69.4 Gbits/sec    0   1023 KBytes       
[  6]  25.00-26.00  sec  8.49 GBytes  72.9 Gbits/sec    0   1023 KBytes       
[  6]  26.00-27.00  sec  7.86 GBytes  67.6 Gbits/sec    0   1023 KBytes       
[  6]  27.00-28.00  sec  8.35 GBytes  71.7 Gbits/sec    0   1023 KBytes       
[  6]  28.00-29.00  sec  8.47 GBytes  72.8 Gbits/sec    0   1023 KBytes       
[  6]  29.00-30.00  sec  7.89 GBytes  67.7 Gbits/sec    0   1023 KBytes       
- - - - - - - - - - - - - - - - - - - - - - - - -
[ ID] Interval           Transfer     Bitrate         Retr
[  6]   0.00-30.00  sec   254 GBytes  72.8 Gbits/sec    0            sender
[  6]   0.00-30.00  sec   254 GBytes  72.8 Gbits/sec                  receiver

iperf Done.
