Connecting to host 127.0.0.1, port 5201
[  6] local 127.0.0.1 port 52178 connected to 127.0.0.1 port 5201
[ ID] Interval           Transfer     Bitrate         Retr  Cwnd
[  6]   0.00-1.00   sec  7.36 GBytes  63.2 Gbits/sec    0    639 KBytes       
[  6]   1.00-2.00   sec  8.07 GBytes  69.4 Gbits/sec    0   1023 KBytes       
[  6]   2.00-3.00   sec  8.11 GBytes  69.7 Gbits/sec    0   1023 KBytes       
[  6]   3.00-4.00   sec  8.08 GBytes  69.4 Gbits/sec    0   1023 KBytes       
[  6]   4.00-5.00   sec  8.09 GBytes  69.5 Gbits/sec    0   1023 KBytes       
[  6]   5.00-6.00   sec  8.05 GBytes  69.2 Gbits/sec    0   1023 KBytes       
[  6]   6.00-7.00   sec  8.05 GBytes  69.2 Gbits/sec    0   1023 KBytes       
[  6]   7.00-8.00   sec  8.08 GBytes  69.3 Gbits/sec    0   1023 KBytes       
[  6]   8.00-9.00   sec  8.06 GBytes  69.2 Gbits/sec    0   1023 KBytes       
[  6]   9.00-10.00  sec  8.06 GBytes  69.3 Gbits/sec    0   1023 KBytes       
[  6]  10.00-11.00  sec  8.06 GBytes  69.2 Gbits/sec    0   1023 KBytes       
[  6]  11.00-12.00  sec  8.05 GBytes  69.2 Gbits/sec    0   1023 KBytes       
[  6]  12.00-13.00  sec  8.07 GBytes  69.4 Gbits/sec    0   1023 KBytes       
[  6]  13.00-14.00  sec  8.06 GBytes  69.3 Gbits/sec    0   1023 KBytes       
[  6]  14.00-15.00  sec  8.08 GBytes  69.4 Gbits/sec    0   1023 KBytes       
[  6]  15.00-16.00  sec  8.06 GBytes  69.3 Gbits/sec    0   1023 KBytes       
[  6]  16.00-17.00  sec  8.08 GBytes  69.4 Gbits/sec    0   1023 KBytes       
[  6]  17.00-18.00  sec  8.05 GBytes  69.2 Gbits/sec    0   1023 KBytes       
[  6]  18.00-19.00  sec  8.06 GBytes  69.2 Gbits/sec    0   1023 KBytes       
[  6]  19.00-20.00  sec  8.06 GBytes  69.3 Gbits/sec    0   1023 KBytes       
[  6]  20.00-21.00  sec  8.05 GBytes  69.2 Gbits/sec    0   1023 KBytes       
[  6]  21.00-22.00  sec  8.06 GBytes  69.2 Gbits/sec    0   1023 KBytes       
[  6]  22.00-23.00  sec  8.06 GBytes  69.2 Gbits/sec    0   1023 KBytes       
[  6]  23.00-24.00  sec  8.07 GBytes  69.3 Gbits/sec    0   1023 KBytes       
[  6]  24.00-25.00  sec  8.07 GBytes  69.4 Gbits/sec    0   1023 KBytes       
[  6]  25.00-26.00  sec  8.06 GBytes  69.2 Gbits/sec    0   1023 KBytes       
[  6]  26.00-27.00  sec  8.07 GBytes  69.3 Gbits/sec    0   1023 KBytes       
[  6]  27.00-28.00  sec  8.04 GBytes  69.1 Gbits/sec    0   1023 KBytes       
[  6]  28.00-29.00  sec  8.04 GBytes  69.0 Gbits/sec    0   1023 KBytes       
[  6]  29.00-30.00  sec  8.07 GBytes  69.3 Gbits/sec    0   1023 KBytes       
- - - - - - - - - - - - - - - - - - - - - - - - -
[ ID] Interval           Transfer     Bitrate         Retr
[  6]   0.00-30.00  sec   241 GBytes  69.1 Gbits/sec    0            sender
[  6]   0.00-30.00  sec   241 GBytes  69.1 Gbits/sec                  receiver

iperf Done.
