Connecting to host 127.0.0.1, port 5200
[  6] local 127.0.0.1 port 54282 connected to 127.0.0.1 port 5200
[ ID] Interval           Transfer     Bitrate         Retr  Cwnd
[  6]   0.00-1.00   sec  8.05 GBytes  69.1 Gbits/sec   15   2.75 MBytes       
[  6]   1.00-2.00   sec  8.07 GBytes  69.4 Gbits/sec    3   2.75 MBytes       
[  6]   2.00-3.00   sec  8.57 GBytes  73.6 Gbits/sec   28   3.50 MBytes       
[  6]   3.00-4.00   sec  8.34 GBytes  71.6 Gbits/sec   22   2.37 MBytes       
[  6]   4.00-5.00   sec  8.05 GBytes  69.1 Gbits/sec    2   2.06 MBytes       
[  6]   5.00-6.00   sec  8.04 GBytes  69.1 Gbits/sec    0   2.31 MBytes       
[  6]   6.00-7.00   sec  8.03 GBytes  68.9 Gbits/sec    0   2.44 MBytes       
[  6]   7.00-8.00   sec  8.03 GBytes  69.0 Gbits/sec    0   2.44 MBytes       
[  6]   8.00-9.00   sec  8.04 GBytes  69.0 Gbits/sec    0   2.44 MBytes       
[  6]   9.00-10.00  sec  8.03 GBytes  69.0 Gbits/sec    0   2.44 MBytes       
[  6]  10.00-11.00  sec  8.06 GBytes  69.2 Gbits/sec    3   2.44 MBytes       
[  6]  11.00-12.00  sec  8.03 GBytes  69.0 Gbits/sec    0   2.56 MBytes       
[  6]  12.00-13.00  sec  8.03 GBytes  69.0 Gbits/sec    0   2.69 MBytes       
[  6]  13.00-14.00  sec  8.04 GBytes  69.1 Gbits/sec    1   2.69 MBytes       
[  6]  14.00-15.00  sec  8.04 GBytes  69.0 Gbits/sec    0   2.69 MBytes       
[  6]  15.00-16.00  sec  8.03 GBytes  69.0 Gbits/sec    0   2.69 MBytes       
[  6]  16.00-17.00  sec  8.07 GBytes  69.3 Gbits/sec    6   2.00 MBytes       
[  6]  17.00-18.00  sec  8.04 GBytes  69.1 Gbits/sec    2   2.31 MBytes       
[  6]  18.00-19.00  sec  8.05 GBytes  69.1 Gbits/sec    0   2.31 MBytes       
[  6]  19.00-20.00  sec  8.05 GBytes  69.2 Gbits/sec    9   1.69 MBytes       
[  6]  20.00-21.00  sec  8.04 GBytes  69.0 Gbits/sec    0   2.19 MBytes       
[  6]  21.00-22.00  sec  8.04 GBytes  69.1 Gbits/sec    0   2.44 MBytes       
[  6]  22.00-23.00  sec  8.06 GBytes  69.2 Gbits/sec    1   2.56 MBytes       
[  6]  23.00-24.00  sec  8.05 GBytes  69.1 Gbits/sec    0   2.56 MBytes       
[  6]  24.00-25.00  sec  8.04 GBytes  69.1 Gbits/sec    1   2.69 MBytes       
[  6]  25.00-26.00  sec  7.88 GBytes  67.7 Gbits/sec    5   1.94 MBytes       
[  6]  26.00-27.00  sec  7.80 GBytes  67.0 Gbits/sec    0   2.44 MBytes       
[  6]  27.00-28.00  sec  8.06 GBytes  69.3 Gbits/sec    4   2.69 MBytes       
[  6]  28.00-29.00  sec  8.04 GBytes  69.1 Gbits/sec    0   2.69 MBytes       
[  6]  29.00-30.00  sec  8.16 GBytes  70.1 Gbits/sec    4   2.37 MBytes       
- - - - - - - - - - - - - - - - - - - - - - - - -
[ ID] Interval           Transfer     Bitrate         Retr
[  6]   0.00-30.00  sec   242 GBytes  69.3 Gbits/sec  106            sender
[  6]   0.00-30.00  sec   242 GBytes  69.3 Gbits/sec                  receiver

iperf Done.
