Connecting to host 127.0.0.1, port 5200
[  6] local 127.0.0.1 port 60232 connected to 127.0.0.1 port 5200
[ ID] Interval           Transfer     Bitrate         Retr  Cwnd
[  6]   0.00-1.00   sec  7.03 GBytes  60.3 Gbits/sec    0    639 KBytes       
[  6]   1.00-2.00   sec  7.42 GBytes  63.7 Gbits/sec    0    639 KBytes       
[  6]   2.00-3.00   sec  7.44 GBytes  63.9 Gbits/sec    0    639 KBytes       
[  6]   3.00-4.00   sec  7.43 GBytes  63.8 Gbits/sec    0    639 KBytes       
[  6]   4.00-5.00   sec  7.43 GBytes  63.8 Gbits/sec    0    639 KBytes       
[  6]   5.00-6.00   sec  7.43 GBytes  63.8 Gbits/sec    0    639 KBytes       
[  6]   6.00-7.00   sec  7.43 GBytes  63.9 Gbits/sec    0    639 KBytes       
[  6]   7.00-8.00   sec  7.43 GBytes  63.8 Gbits/sec    0    639 KBytes       
[  6]   8.00-9.00   sec  7.44 GBytes  63.9 Gbits/sec    0    639 KBytes       
[  6]   9.00-10.00  sec  7.44 GBytes  63.9 Gbits/sec    0    639 KBytes       
[  6]  10.00-11.00  sec  7.44 GBytes  63.9 Gbits/sec    0    639 KBytes       
[  6]  11.00-12.00  sec  7.45 GBytes  64.0 Gbits/sec    0    639 KBytes       
[  6]  12.00-13.00  sec  7.44 GBytes  63.9 Gbits/sec    0    639 KBytes       
[  6]  13.00-14.00  sec  7.45 GBytes  64.0 Gbits/sec    0    639 KBytes       
[  6]  14.00-15.00  sec  7.44 GBytes  63.9 Gbits/sec    0    639 KBytes       
[  6]  15.00-16.00  sec  7.44 GBytes  63.9 Gbits/sec    0    639 KBytes       
[  6]  16.00-17.00  sec  7.43 GBytes  63.8 Gbits/sec    0    639 KBytes       
[  6]  17.00-18.00  sec  7.43 GBytes  63.8 Gbits/sec    0    639 KBytes       
[  6]  18.00-19.00  sec  7.42 GBytes  63.7 Gbits/sec    0    639 KBytes       
[  6]  19.00-20.00  sec  7.41 GBytes  63.7 Gbits/sec    0   1.62 MBytes       
[  6]  20.00-21.00  sec  7.40 GBytes  63.6 Gbits/sec    0   1.62 MBytes       
[  6]  21.00-22.00  sec  7.40 GBytes  63.6 Gbits/sec    0   1.62 MBytes       
[  6]  22.00-23.00  sec  7.39 GBytes  63.5 Gbits/sec    0   1.62 MBytes       
[  6]  23.00-24.00  sec  7.39 GBytes  63.5 Gbits/sec    0   1.62 MBytes       
[  6]  24.00-25.00  sec  7.39 GBytes  63.5 Gbits/sec    0   1.62 MBytes       
[  6]  25.00-26.00  sec  7.39 GBytes  63.5 Gbits/sec    0   1.62 MBytes       
[  6]  26.00-27.00  sec  7.39 GBytes  63.5 Gbits/sec    0   1.62 MBytes       
[  6]  27.00-28.00  sec  7.39 GBytes  63.5 Gbits/sec    0   1.62 MBytes       
[  6]  28.00-29.00  sec  7.41 GBytes  63.7 Gbits/sec    0   1.62 MBytes       
[  6]  29.00-30.00  sec  7.41 GBytes  63.7 Gbits/sec    0   1.62 MBytes       
- - - - - - - - - - - - - - - - - - - - - - - - -
[ ID] Interval           Transfer     Bitrate         Retr
[  6]   0.00-30.00  sec   222 GBytes  63.6 Gbits/sec    0            sender
[  6]   0.00-30.04  sec   222 GBytes  63.6 Gbits/sec                  receiver

iperf Done.
