
=== 2026-05-27T21:02:13.450305+00:00 golang pid=718789 ===
Linux 7.0.10-arch1-1 (sand) 	05/27/2026 	_x86_64_	(32 CPU)

02:02:13 PM   UID       PID    %usr %system  %guest   %wait    %CPU   CPU  Command
02:02:14 PM  1000    718789    9.00   78.00    0.00    0.00   87.00    22  proxy-go
02:02:15 PM  1000    718789   11.00   86.00    0.00    0.00   97.00    22  proxy-go
02:02:16 PM  1000    718789   10.00   78.00    0.00    0.00   88.00    22  proxy-go
02:02:17 PM  1000    718789   12.00   86.00    0.00    0.00   98.00    22  proxy-go
02:02:18 PM  1000    718789   10.00   83.00    0.00    0.00   93.00    22  proxy-go
02:02:19 PM  1000    718789   10.00   81.00    0.00    0.00   91.00    22  proxy-go
02:02:20 PM  1000    718789   12.00   84.00    0.00    0.00   96.00    22  proxy-go
02:02:21 PM  1000    718789   12.00   84.00    0.00    0.00   96.00    22  proxy-go
02:02:22 PM  1000    718789   11.00   83.00    0.00    0.00   94.00    22  proxy-go
02:02:23 PM  1000    718789   12.00   82.00    0.00    0.00   94.00    22  proxy-go
02:02:24 PM  1000    718789   10.00   77.00    0.00    0.00   87.00    22  proxy-go
02:02:25 PM  1000    718789    7.00   79.00    0.00    0.00   86.00    22  proxy-go
02:02:26 PM  1000    718789   10.00   81.00    0.00    0.00   91.00    22  proxy-go
02:02:27 PM  1000    718789   12.00   87.00    0.00    0.00   99.00    22  proxy-go
02:02:28 PM  1000    718789   10.00   94.00    0.00    0.00  104.00    22  proxy-go
02:02:29 PM  1000    718789   13.00   85.00    0.00    0.00   98.00    22  proxy-go
02:02:30 PM  1000    718789   11.00   82.00    0.00    0.00   93.00    22  proxy-go
02:02:31 PM  1000    718789   11.00   79.00    0.00    0.00   90.00    22  proxy-go
02:02:32 PM  1000    718789   13.00   86.00    0.00    0.00   99.00    22  proxy-go
02:02:33 PM  1000    718789   13.00   82.00    0.00    0.00   95.00    22  proxy-go
02:02:34 PM  1000    718789   11.00   80.00    0.00    0.00   91.00    22  proxy-go
02:02:35 PM  1000    718789   11.00   84.00    0.00    0.00   95.00    22  proxy-go
02:02:36 PM  1000    718789   10.00   80.00    0.00    0.00   90.00    22  proxy-go
02:02:37 PM  1000    718789   12.00   86.00    0.00    0.00   98.00    22  proxy-go
02:02:38 PM  1000    718789   12.00   82.00    0.00    0.00   94.00    22  proxy-go
02:02:39 PM  1000    718789   13.00   86.00    0.00    0.00   99.00    22  proxy-go
02:02:40 PM  1000    718789   12.00   83.00    0.00    0.00   95.00    22  proxy-go
02:02:41 PM  1000    718789   13.00   88.00    0.00    0.00  101.00    22  proxy-go
02:02:42 PM  1000    718789    9.00   79.00    0.00    0.00   88.00    22  proxy-go
02:02:43 PM  1000    718789    9.00   77.00    0.00    0.00   86.00    22  proxy-go
Average:     1000    718789   11.03   82.73    0.00    0.00   93.77     -  proxy-go

=== 2026-05-27T21:06:47.110392+00:00 golang pid=721791 ===
Linux 7.0.10-arch1-1 (sand) 	05/27/2026 	_x86_64_	(32 CPU)

02:06:47 PM   UID       PID    %usr %system  %guest   %wait    %CPU   CPU  Command
02:06:48 PM  1000    721791   11.00   81.00    0.00    0.00   92.00     6  proxy-go
02:06:49 PM  1000    721791   15.00   90.00    0.00    0.00  105.00     6  proxy-go
02:06:50 PM  1000    721791   14.00   91.00    0.00    0.00  105.00     6  proxy-go
02:06:51 PM  1000    721791   10.00   86.00    0.00    0.00   96.00     6  proxy-go
02:06:52 PM  1000    721791   12.00   88.00    0.00    0.00  100.00     6  proxy-go
02:06:53 PM  1000    721791   10.00   85.00    0.00    0.00   95.00     6  proxy-go
02:06:54 PM  1000    721791   12.00   84.00    0.00    0.00   96.00     6  proxy-go
02:06:55 PM  1000    721791   12.00   88.00    0.00    0.00  100.00     6  proxy-go
02:06:56 PM  1000    721791    9.00   78.00    0.00    0.00   87.00     6  proxy-go
02:06:57 PM  1000    721791   11.00   84.00    0.00    0.00   95.00     6  proxy-go
02:06:58 PM  1000    721791   14.00   87.00    0.00    0.00  101.00     6  proxy-go
02:06:59 PM  1000    721791   12.00   85.00    0.00    0.00   97.00     6  proxy-go
02:07:00 PM  1000    721791   14.00   88.00    0.00    0.00  102.00     6  proxy-go
02:07:01 PM  1000    721791    9.00   81.00    0.00    0.00   90.00     6  proxy-go
02:07:02 PM  1000    721791    9.00   77.00    0.00    0.00   86.00     6  proxy-go
02:07:03 PM  1000    721791    8.00   76.00    0.00    0.00   84.00     6  proxy-go
02:07:04 PM  1000    721791   11.00   81.00    0.00    0.00   92.00     6  proxy-go
02:07:05 PM  1000    721791   12.00   93.00    0.00    0.00  105.00     6  proxy-go
02:07:06 PM  1000    721791   14.00   99.00    0.00    0.00  113.00     6  proxy-go
02:07:07 PM  1000    721791   17.00   98.00    0.00    0.00  115.00     6  proxy-go
02:07:08 PM  1000    721791   17.00   99.00    0.00    0.00  116.00     6  proxy-go
02:07:09 PM  1000    721791   13.00   94.00    0.00    0.00  107.00     6  proxy-go
02:07:10 PM  1000    721791   16.00   95.00    0.00    0.00  111.00     6  proxy-go
02:07:11 PM  1000    721791   13.00   96.00    0.00    0.00  109.00     6  proxy-go
02:07:12 PM  1000    721791   17.00   97.00    0.00    0.00  114.00     6  proxy-go
02:07:13 PM  1000    721791   13.00   96.00    0.00    0.00  109.00     6  proxy-go
02:07:14 PM  1000    721791   17.00   97.00    0.00    0.00  114.00     6  proxy-go
02:07:15 PM  1000    721791   16.00  100.00    0.00    0.00  116.00     6  proxy-go
02:07:16 PM  1000    721791   15.00   97.00    0.00    0.00  112.00     6  proxy-go
02:07:17 PM  1000    721791   18.00   98.00    0.00    0.00  116.00     6  proxy-go
Average:     1000    721791   13.03   89.63    0.00    0.00  102.67     -  proxy-go

=== 2026-05-27T21:07:32.946609+00:00 golang pid=722070 ===
Linux 7.0.10-arch1-1 (sand) 	05/27/2026 	_x86_64_	(32 CPU)

02:07:32 PM   UID       PID    %usr %system  %guest   %wait    %CPU   CPU  Command
02:07:33 PM  1000    722070   10.00   88.00    0.00    0.00   98.00    22  proxy-go
02:07:34 PM  1000    722070   15.00   96.00    0.00    0.00  111.00    22  proxy-go
02:07:35 PM  1000    722070   11.00   93.00    0.00    0.00  104.00    22  proxy-go
02:07:36 PM  1000    722070   13.00   85.00    0.00    0.00   98.00    22  proxy-go
02:07:37 PM  1000    722070   12.00   85.00    0.00    0.00   97.00    22  proxy-go
02:07:38 PM  1000    722070   14.00   95.00    0.00    0.00  109.00    22  proxy-go
02:07:39 PM  1000    722070   12.00   88.00    0.00    0.00  100.00    22  proxy-go
02:07:40 PM  1000    722070   13.00   93.00    0.00    0.00  106.00    22  proxy-go
02:07:41 PM  1000    722070   14.00   93.00    0.00    0.00  107.00    22  proxy-go
02:07:42 PM  1000    722070   12.00   84.00    0.00    0.00   96.00    22  proxy-go
02:07:43 PM  1000    722070   10.00   86.00    0.00    0.00   96.00    22  proxy-go
02:07:44 PM  1000    722070   14.00   89.00    0.00    0.00  103.00    22  proxy-go
02:07:45 PM  1000    722070   11.00   90.00    0.00    0.00  101.00    22  proxy-go
02:07:46 PM  1000    722070   13.00   88.00    0.00    0.00  101.00    22  proxy-go
02:07:47 PM  1000    722070   13.00   85.00    0.00    0.00   98.00    22  proxy-go
02:07:48 PM  1000    722070   17.00   97.00    0.00    0.00  114.00    22  proxy-go
02:07:49 PM  1000    722070   14.00   88.00    0.00    0.00  102.00    22  proxy-go
02:07:50 PM  1000    722070   13.00   95.00    0.00    0.00  108.00    22  proxy-go
02:07:51 PM  1000    722070   13.00   97.00    0.00    0.00  110.00    22  proxy-go
02:07:52 PM  1000    722070   15.00   93.00    0.00    0.00  108.00    22  proxy-go
02:07:53 PM  1000    722070   13.00   88.00    0.00    0.00  101.00    22  proxy-go
02:07:54 PM  1000    722070   14.00   96.00    0.00    0.00  110.00    22  proxy-go
02:07:55 PM  1000    722070   13.00   95.00    0.00    0.00  108.00    22  proxy-go
02:07:56 PM  1000    722070   13.00   89.00    0.00    0.00  102.00    22  proxy-go
02:07:57 PM  1000    722070   11.00   90.00    0.00    0.00  101.00    22  proxy-go
02:07:58 PM  1000    722070   12.00   83.00    0.00    0.00   95.00    22  proxy-go
02:07:59 PM  1000    722070   14.00   97.00    0.00    0.00  111.00    22  proxy-go
02:08:00 PM  1000    722070   12.00   95.00    0.00    0.00  107.00    22  proxy-go
02:08:01 PM  1000    722070   14.00   96.00    0.00    0.00  110.00    22  proxy-go
02:08:02 PM  1000    722070   17.00   98.00    0.00    0.00  115.00    22  proxy-go
Average:     1000    722070   13.07   91.17    0.00    0.00  104.23     -  proxy-go

=== 2026-05-27T21:12:05.113865+00:00 golang pid=725434 ===
Linux 7.0.10-arch1-1 (sand) 	05/27/2026 	_x86_64_	(32 CPU)

02:12:05 PM   UID       PID    %usr %system  %guest   %wait    %CPU   CPU  Command
02:12:06 PM  1000    725434    9.00   77.00    0.00    0.00   86.00     6  proxy-go
02:12:07 PM  1000    725434    9.00   85.00    0.00    0.00   94.00     6  proxy-go
02:12:08 PM  1000    725434   12.00   85.00    0.00    0.00   97.00     6  proxy-go
02:12:09 PM  1000    725434   10.00   85.00    0.00    0.00   95.00     6  proxy-go
02:12:10 PM  1000    725434   15.00   91.00    0.00    0.00  106.00     6  proxy-go
02:12:11 PM  1000    725434   10.00   82.00    0.00    0.00   92.00     6  proxy-go
02:12:12 PM  1000    725434   10.00   84.00    0.00    0.00   94.00     6  proxy-go
02:12:13 PM  1000    725434   13.00   84.00    0.00    0.00   97.00     6  proxy-go
02:12:14 PM  1000    725434   12.00   86.00    0.00    0.00   98.00     6  proxy-go
02:12:15 PM  1000    725434   13.00   86.00    0.00    0.00   99.00     6  proxy-go
02:12:16 PM  1000    725434   11.00   81.00    0.00    0.00   92.00     6  proxy-go
02:12:17 PM  1000    725434   13.00   84.00    0.00    0.00   97.00     6  proxy-go
02:12:18 PM  1000    725434   12.00   87.00    0.00    0.00   99.00     6  proxy-go
02:12:19 PM  1000    725434   14.00   97.00    0.00    0.00  111.00     6  proxy-go
02:12:20 PM  1000    725434   11.00   79.00    0.00    0.00   90.00     6  proxy-go
02:12:21 PM  1000    725434    8.00   81.00    0.00    0.00   89.00     6  proxy-go
02:12:22 PM  1000    725434   10.00   80.00    0.00    0.00   90.00     6  proxy-go
02:12:23 PM  1000    725434    7.00   80.00    0.00    0.00   87.00     6  proxy-go
02:12:24 PM  1000    725434   13.00   91.00    0.00    0.00  104.00     6  proxy-go
02:12:25 PM  1000    725434   14.00   95.00    0.00    0.00  109.00     6  proxy-go
02:12:26 PM  1000    725434   14.85   96.04    0.00    0.00  110.89     6  proxy-go
02:12:27 PM  1000    725434   14.00   98.00    0.00    0.00  112.00     6  proxy-go
02:12:28 PM  1000    725434   14.00  101.00    0.00    0.00  115.00     6  proxy-go
02:12:29 PM  1000    725434   13.00   91.00    0.00    0.00  104.00     6  proxy-go
02:12:30 PM  1000    725434   12.00   86.00    0.00    0.00   98.00     6  proxy-go
02:12:31 PM  1000    725434   11.00   85.00    0.00    0.00   96.00     6  proxy-go
02:12:32 PM  1000    725434   12.00   89.00    0.00    0.00  101.00     6  proxy-go
02:12:33 PM  1000    725434   11.00   85.00    0.00    0.00   96.00     6  proxy-go
02:12:34 PM  1000    725434   12.00   88.00    0.00    0.00  100.00     6  proxy-go
02:12:35 PM  1000    725434   11.00   81.00    0.00    0.00   92.00     6  proxy-go
Average:     1000    725434   11.70   86.67    0.00    0.00   98.37     -  proxy-go

=== 2026-05-27T21:12:50.949717+00:00 golang pid=725717 ===
Linux 7.0.10-arch1-1 (sand) 	05/27/2026 	_x86_64_	(32 CPU)

02:12:50 PM   UID       PID    %usr %system  %guest   %wait    %CPU   CPU  Command
02:12:51 PM  1000    725717   12.00   87.00    0.00    0.00   99.00    22  proxy-go
02:12:52 PM  1000    725717   14.00  101.00    0.00    0.00  115.00    22  proxy-go
02:12:53 PM  1000    725717   13.00   97.00    0.00    0.00  110.00    22  proxy-go
02:12:54 PM  1000    725717   15.00   96.00    0.00    0.00  111.00    22  proxy-go
02:12:55 PM  1000    725717   14.00   99.00    0.00    0.00  113.00    22  proxy-go
02:12:56 PM  1000    725717   15.00   97.00    0.00    0.00  112.00    22  proxy-go
02:12:57 PM  1000    725717   16.00  101.00    0.00    0.00  117.00    22  proxy-go
02:12:58 PM  1000    725717   16.00   94.00    0.00    0.00  110.00    22  proxy-go
02:12:59 PM  1000    725717   15.00   99.00    0.00    0.00  114.00    22  proxy-go
02:13:00 PM  1000    725717   12.00   98.00    0.00    0.00  110.00    22  proxy-go
02:13:01 PM  1000    725717   14.00   99.00    0.00    0.00  113.00    22  proxy-go
02:13:02 PM  1000    725717   16.00   97.00    0.00    0.00  113.00    22  proxy-go
02:13:03 PM  1000    725717   13.00   96.00    0.00    0.00  109.00    22  proxy-go
02:13:04 PM  1000    725717   14.00   96.00    0.00    0.00  110.00    22  proxy-go
02:13:05 PM  1000    725717   16.00   98.00    0.00    0.00  114.00    22  proxy-go
02:13:06 PM  1000    725717   14.00   97.00    0.00    0.00  111.00    22  proxy-go
02:13:07 PM  1000    725717   16.00   95.00    0.00    0.00  111.00    22  proxy-go
02:13:08 PM  1000    725717   17.00   95.00    0.00    0.00  112.00    22  proxy-go
02:13:09 PM  1000    725717   13.00   96.00    0.00    0.00  109.00    22  proxy-go
02:13:10 PM  1000    725717   15.00   97.00    0.00    0.00  112.00    22  proxy-go
02:13:11 PM  1000    725717   16.00   99.00    0.00    0.00  115.00    22  proxy-go
02:13:12 PM  1000    725717   16.00   97.00    0.00    0.00  113.00    22  proxy-go
02:13:13 PM  1000    725717   15.00   95.00    0.00    0.00  110.00    22  proxy-go
02:13:14 PM  1000    725717   12.00   95.00    0.00    0.00  107.00    22  proxy-go
02:13:15 PM  1000    725717   15.00   97.00    0.00    0.00  112.00    22  proxy-go
02:13:16 PM  1000    725717   15.00  100.00    0.00    0.00  115.00    22  proxy-go
02:13:17 PM  1000    725717   16.00   98.00    0.00    0.00  114.00    22  proxy-go
02:13:18 PM  1000    725717   15.00   99.00    0.00    0.00  114.00    22  proxy-go
02:13:19 PM  1000    725717   16.00   99.00    0.00    0.00  115.00    22  proxy-go
02:13:20 PM  1000    725717   16.00   92.00    0.00    0.00  108.00    22  proxy-go
Average:     1000    725717   14.73   96.87    0.00    0.00  111.60     -  proxy-go
