
=== 2026-05-27T20:59:10.791518+00:00 splicer pid=716586 ===
Linux 7.0.10-arch1-1 (sand) 	05/27/2026 	_x86_64_	(32 CPU)

01:59:10 PM   UID       PID    %usr %system  %guest   %wait    %CPU   CPU  Command
01:59:11 PM  1000    716586    8.00   97.00    0.00    0.00  105.00    22  proxy-rust
01:59:12 PM  1000    716586   11.00  100.00    0.00    0.00  111.00    22  proxy-rust
01:59:13 PM  1000    716586   12.00   99.00    0.00    0.00  111.00    22  proxy-rust
01:59:14 PM  1000    716586   10.00  103.00    0.00    0.00  113.00    22  proxy-rust
01:59:15 PM  1000    716586    8.00  102.00    0.00    0.00  110.00    22  proxy-rust
01:59:16 PM  1000    716586   10.00  102.00    0.00    0.00  112.00    22  proxy-rust
01:59:17 PM  1000    716586   12.00  100.00    0.00    0.00  112.00    22  proxy-rust
01:59:18 PM  1000    716586   11.00  100.00    0.00    0.00  111.00    22  proxy-rust
01:59:19 PM  1000    716586   10.00  101.00    0.00    0.00  111.00    22  proxy-rust
01:59:20 PM  1000    716586   12.00   99.00    0.00    0.00  111.00    22  proxy-rust
01:59:21 PM  1000    716586   11.00  101.00    0.00    0.00  112.00    22  proxy-rust
01:59:22 PM  1000    716586    9.00  102.00    0.00    0.00  111.00    22  proxy-rust
01:59:23 PM  1000    716586   10.00  101.00    0.00    0.00  111.00    22  proxy-rust
01:59:24 PM  1000    716586   11.00  101.00    0.00    0.00  112.00    22  proxy-rust
01:59:25 PM  1000    716586    9.00  103.00    0.00    0.00  112.00    22  proxy-rust
01:59:26 PM  1000    716586    8.00  104.00    0.00    0.00  112.00    22  proxy-rust
01:59:27 PM  1000    716586   10.00  101.00    0.00    0.00  111.00    22  proxy-rust
01:59:28 PM  1000    716586    9.00  101.00    0.00    0.00  110.00    22  proxy-rust
01:59:29 PM  1000    716586   11.00  101.00    0.00    0.00  112.00    22  proxy-rust
01:59:30 PM  1000    716586   11.00  101.00    0.00    0.00  112.00    22  proxy-rust
01:59:31 PM  1000    716586   10.00  101.00    0.00    0.00  111.00    22  proxy-rust
01:59:32 PM  1000    716586   10.00  100.00    0.00    0.00  110.00    22  proxy-rust
01:59:33 PM  1000    716586   11.00  100.00    0.00    0.00  111.00    22  proxy-rust
01:59:34 PM  1000    716586   10.00  101.00    0.00    0.00  111.00    22  proxy-rust
01:59:35 PM  1000    716586    9.00  101.00    0.00    0.00  110.00    22  proxy-rust
01:59:36 PM  1000    716586   10.00  101.00    0.00    0.00  111.00    22  proxy-rust
01:59:37 PM  1000    716586   11.00   99.00    0.00    0.00  110.00    22  proxy-rust
01:59:38 PM  1000    716586    9.00   99.00    0.00    0.00  108.00    22  proxy-rust
01:59:39 PM  1000    716586   10.00  102.00    0.00    0.00  112.00    22  proxy-rust
01:59:40 PM  1000    716586   10.00  100.00    0.00    0.00  110.00    22  proxy-rust
Average:     1000    716586   10.10  100.77    0.00    0.00  110.87     -  proxy-rust

=== 2026-05-27T20:59:56.447424+00:00 splicer pid=716840 ===
Linux 7.0.10-arch1-1 (sand) 	05/27/2026 	_x86_64_	(32 CPU)

01:59:56 PM   UID       PID    %usr %system  %guest   %wait    %CPU   CPU  Command
01:59:57 PM  1000    716840    8.00   90.00    0.00    0.00   98.00     6  proxy-rust
01:59:58 PM  1000    716840   10.00  101.00    0.00    0.00  111.00     6  proxy-rust
01:59:59 PM  1000    716840   11.00  102.00    0.00    0.00  113.00     6  proxy-rust
02:00:00 PM  1000    716840   10.00  102.00    0.00    0.00  112.00     6  proxy-rust
02:00:01 PM  1000    716840   10.00  101.00    0.00    0.00  111.00     6  proxy-rust
02:00:02 PM  1000    716840   10.00  102.00    0.00    0.00  112.00     6  proxy-rust
02:00:03 PM  1000    716840   11.00  101.00    0.00    0.00  112.00     6  proxy-rust
02:00:04 PM  1000    716840   12.00  100.00    0.00    0.00  112.00     6  proxy-rust
02:00:05 PM  1000    716840    9.00  102.00    0.00    0.00  111.00     6  proxy-rust
02:00:06 PM  1000    716840   11.00  101.00    0.00    0.00  112.00     6  proxy-rust
02:00:07 PM  1000    716840   11.00  101.00    0.00    0.00  112.00     6  proxy-rust
02:00:08 PM  1000    716840   10.00  102.00    0.00    0.00  112.00     6  proxy-rust
02:00:09 PM  1000    716840   11.00  100.00    0.00    0.00  111.00     6  proxy-rust
02:00:10 PM  1000    716840   10.00  101.00    0.00    0.00  111.00     6  proxy-rust
02:00:11 PM  1000    716840   12.00  100.00    0.00    0.00  112.00     6  proxy-rust
02:00:12 PM  1000    716840   10.00  101.00    0.00    0.00  111.00     6  proxy-rust
02:00:13 PM  1000    716840   13.00   99.00    0.00    0.00  112.00     6  proxy-rust
02:00:14 PM  1000    716840   10.00  100.00    0.00    0.00  110.00     6  proxy-rust
02:00:15 PM  1000    716840   12.00   98.00    0.00    0.00  110.00     6  proxy-rust
02:00:16 PM  1000    716840   12.00   98.00    0.00    0.00  110.00     6  proxy-rust
02:00:17 PM  1000    716840   12.00  100.00    0.00    0.00  112.00     6  proxy-rust
02:00:18 PM  1000    716840   11.00  101.00    0.00    0.00  112.00     6  proxy-rust
02:00:19 PM  1000    716840   11.00  100.00    0.00    0.00  111.00     6  proxy-rust
02:00:20 PM  1000    716840   11.00  102.00    0.00    0.00  113.00     6  proxy-rust
02:00:21 PM  1000    716840   11.00  100.00    0.00    0.00  111.00     6  proxy-rust
02:00:22 PM  1000    716840   11.00  102.00    0.00    0.00  113.00     6  proxy-rust
02:00:23 PM  1000    716840   10.00  101.00    0.00    0.00  111.00     6  proxy-rust
02:00:24 PM  1000    716840   10.00  102.00    0.00    0.00  112.00     6  proxy-rust
02:00:25 PM  1000    716840    9.00  102.00    0.00    0.00  111.00     6  proxy-rust
02:00:26 PM  1000    716840   11.00  101.00    0.00    0.00  112.00     6  proxy-rust
Average:     1000    716840   10.67  100.43    0.00    0.00  111.10     -  proxy-rust

=== 2026-05-27T21:03:44.342555+00:00 splicer pid=719640 ===
Linux 7.0.10-arch1-1 (sand) 	05/27/2026 	_x86_64_	(32 CPU)

02:03:44 PM   UID       PID    %usr %system  %guest   %wait    %CPU   CPU  Command
02:03:45 PM  1000    719640    7.00   89.00    0.00    0.00   96.00     6  proxy-rust
02:03:46 PM  1000    719640   10.00  100.00    0.00    0.00  110.00     6  proxy-rust
02:03:47 PM  1000    719640   11.00   99.00    0.00    0.00  110.00     6  proxy-rust
02:03:48 PM  1000    719640   11.00  100.00    0.00    0.00  111.00     6  proxy-rust
02:03:49 PM  1000    719640   11.00   99.00    0.00    0.00  110.00     6  proxy-rust
02:03:50 PM  1000    719640   10.00  101.00    0.00    0.00  111.00     6  proxy-rust
02:03:51 PM  1000    719640   11.00   99.00    0.00    0.00  110.00     6  proxy-rust
02:03:52 PM  1000    719640   11.00  100.00    0.00    0.00  111.00     6  proxy-rust
02:03:53 PM  1000    719640   11.00   99.00    0.00    0.00  110.00     6  proxy-rust
02:03:54 PM  1000    719640   10.00  103.00    0.00    0.00  113.00     6  proxy-rust
02:03:55 PM  1000    719640    7.00  104.00    0.00    0.00  111.00     6  proxy-rust
02:03:56 PM  1000    719640   11.00  101.00    0.00    0.00  112.00     6  proxy-rust
02:03:57 PM  1000    719640   12.00  100.00    0.00    0.00  112.00     6  proxy-rust
02:03:58 PM  1000    719640   11.00  101.00    0.00    0.00  112.00     6  proxy-rust
02:03:59 PM  1000    719640   10.00  103.00    0.00    0.00  113.00     6  proxy-rust
02:04:00 PM  1000    719640   10.00  102.00    0.00    0.00  112.00     6  proxy-rust
02:04:01 PM  1000    719640   11.00   99.00    0.00    0.00  110.00     6  proxy-rust
02:04:02 PM  1000    719640   10.00  102.00    0.00    0.00  112.00     6  proxy-rust
02:04:03 PM  1000    719640    9.00  103.00    0.00    0.00  112.00     6  proxy-rust
02:04:04 PM  1000    719640   11.00  101.00    0.00    0.00  112.00     6  proxy-rust
02:04:05 PM  1000    719640    9.00  101.00    0.00    0.00  110.00     6  proxy-rust
02:04:06 PM  1000    719640    9.00  102.00    0.00    0.00  111.00     6  proxy-rust
02:04:07 PM  1000    719640   10.00  102.00    0.00    0.00  112.00     6  proxy-rust
02:04:08 PM  1000    719640    9.00  103.00    0.00    0.00  112.00     6  proxy-rust
02:04:09 PM  1000    719640   11.00  100.00    0.00    0.00  111.00     6  proxy-rust
02:04:10 PM  1000    719640   10.00  102.00    0.00    0.00  112.00     6  proxy-rust
02:04:11 PM  1000    719640   10.00  101.00    0.00    0.00  111.00     6  proxy-rust
02:04:12 PM  1000    719640   10.00  100.00    0.00    0.00  110.00     6  proxy-rust
02:04:13 PM  1000    719640    9.00  103.00    0.00    0.00  112.00     6  proxy-rust
02:04:14 PM  1000    719640   10.00  100.00    0.00    0.00  110.00     6  proxy-rust
Average:     1000    719640   10.07  100.63    0.00    0.00  110.70     -  proxy-rust

=== 2026-05-27T21:06:01.456409+00:00 splicer pid=721211 ===
Linux 7.0.10-arch1-1 (sand) 	05/27/2026 	_x86_64_	(32 CPU)

02:06:01 PM   UID       PID    %usr %system  %guest   %wait    %CPU   CPU  Command
02:06:02 PM  1000    721211   10.00   87.00    0.00    0.00   97.00    22  proxy-rust
02:06:03 PM  1000    721211    9.00  100.00    0.00    0.00  109.00    22  proxy-rust
02:06:04 PM  1000    721211   13.00   98.00    0.00    0.00  111.00    22  proxy-rust
02:06:05 PM  1000    721211   11.00   98.00    0.00    0.00  109.00    22  proxy-rust
02:06:06 PM  1000    721211   11.00   99.00    0.00    0.00  110.00    22  proxy-rust
02:06:07 PM  1000    721211   10.00  100.00    0.00    0.00  110.00    22  proxy-rust
02:06:08 PM  1000    721211   10.00  101.00    0.00    0.00  111.00    22  proxy-rust
02:06:09 PM  1000    721211   11.00  100.00    0.00    0.00  111.00    22  proxy-rust
02:06:10 PM  1000    721211   10.00  101.00    0.00    0.00  111.00    22  proxy-rust
02:06:11 PM  1000    721211   11.00   99.00    0.00    0.00  110.00    22  proxy-rust
02:06:12 PM  1000    721211    9.00  101.00    0.00    0.00  110.00    22  proxy-rust
02:06:13 PM  1000    721211   11.00  100.00    0.00    0.00  111.00    22  proxy-rust
02:06:14 PM  1000    721211   11.00   99.00    0.00    0.00  110.00    22  proxy-rust
02:06:15 PM  1000    721211   11.00   99.00    0.00    0.00  110.00    22  proxy-rust
02:06:16 PM  1000    721211    9.00  102.00    0.00    0.00  111.00    22  proxy-rust
02:06:17 PM  1000    721211    8.00  100.00    0.00    0.00  108.00    22  proxy-rust
02:06:18 PM  1000    721211   10.00  101.00    0.00    0.00  111.00    22  proxy-rust
02:06:19 PM  1000    721211   10.00   99.00    0.00    0.00  109.00    22  proxy-rust
02:06:20 PM  1000    721211   11.00   99.00    0.00    0.00  110.00    22  proxy-rust
02:06:21 PM  1000    721211   10.00  101.00    0.00    0.00  111.00    22  proxy-rust
02:06:22 PM  1000    721211   10.00  101.00    0.00    0.00  111.00    22  proxy-rust
02:06:23 PM  1000    721211   11.00   99.00    0.00    0.00  110.00    22  proxy-rust
02:06:24 PM  1000    721211    9.00  100.00    0.00    0.00  109.00    22  proxy-rust
02:06:25 PM  1000    721211    9.00  103.00    0.00    0.00  112.00    22  proxy-rust
02:06:26 PM  1000    721211   10.00  100.00    0.00    0.00  110.00    22  proxy-rust
02:06:27 PM  1000    721211   11.00  100.00    0.00    0.00  111.00    22  proxy-rust
02:06:28 PM  1000    721211   10.00  101.00    0.00    0.00  111.00    22  proxy-rust
02:06:29 PM  1000    721211   11.00   99.00    0.00    0.00  110.00    22  proxy-rust
02:06:30 PM  1000    721211   12.00   98.00    0.00    0.00  110.00    22  proxy-rust
02:06:31 PM  1000    721211   10.00  100.00    0.00    0.00  110.00    22  proxy-rust
Average:     1000    721211   10.30   99.50    0.00    0.00  109.80     -  proxy-rust

=== 2026-05-27T21:10:34.402098+00:00 splicer pid=724213 ===
Linux 7.0.10-arch1-1 (sand) 	05/27/2026 	_x86_64_	(32 CPU)

02:10:34 PM   UID       PID    %usr %system  %guest   %wait    %CPU   CPU  Command
02:10:35 PM  1000    724213    8.00   93.00    0.00    0.00  101.00     6  proxy-rust
02:10:36 PM  1000    724213   10.00  102.00    0.00    0.00  112.00     6  proxy-rust
02:10:37 PM  1000    724213   11.00  100.00    0.00    0.00  111.00     6  proxy-rust
02:10:38 PM  1000    724213    9.00  102.00    0.00    0.00  111.00     6  proxy-rust
02:10:39 PM  1000    724213    9.00  102.00    0.00    0.00  111.00     6  proxy-rust
02:10:40 PM  1000    724213    9.00  103.00    0.00    0.00  112.00     6  proxy-rust
02:10:41 PM  1000    724213   11.00  101.00    0.00    0.00  112.00     6  proxy-rust
02:10:42 PM  1000    724213   10.00  102.00    0.00    0.00  112.00     6  proxy-rust
02:10:43 PM  1000    724213   10.00  101.00    0.00    0.00  111.00     6  proxy-rust
02:10:44 PM  1000    724213   11.00   99.00    0.00    0.00  110.00     6  proxy-rust
02:10:45 PM  1000    724213   11.00   98.00    0.00    0.00  109.00     6  proxy-rust
02:10:46 PM  1000    724213   12.00   96.00    0.00    0.00  108.00     6  proxy-rust
02:10:47 PM  1000    724213    9.00  101.00    0.00    0.00  110.00     6  proxy-rust
02:10:48 PM  1000    724213   10.00  100.00    0.00    0.00  110.00     6  proxy-rust
02:10:49 PM  1000    724213   11.00   98.00    0.00    0.00  109.00     6  proxy-rust
02:10:50 PM  1000    724213   11.00   99.00    0.00    0.00  110.00     6  proxy-rust
02:10:51 PM  1000    724213   12.00   99.00    0.00    0.00  111.00     6  proxy-rust
02:10:52 PM  1000    724213   10.00  100.00    0.00    0.00  110.00     6  proxy-rust
02:10:53 PM  1000    724213   12.00   99.00    0.00    0.00  111.00     6  proxy-rust
02:10:54 PM  1000    724213   10.00   98.00    0.00    0.00  108.00     6  proxy-rust
02:10:55 PM  1000    724213   11.00  100.00    0.00    0.00  111.00     6  proxy-rust
02:10:56 PM  1000    724213   12.00   97.00    0.00    0.00  109.00     6  proxy-rust
02:10:57 PM  1000    724213   10.00  101.00    0.00    0.00  111.00     6  proxy-rust
02:10:58 PM  1000    724213   10.00  101.00    0.00    0.00  111.00     6  proxy-rust
02:10:59 PM  1000    724213   11.00   99.00    0.00    0.00  110.00     6  proxy-rust
02:11:00 PM  1000    724213   12.00   96.00    0.00    0.00  108.00     6  proxy-rust
02:11:01 PM  1000    724213   11.00  100.00    0.00    0.00  111.00     6  proxy-rust
02:11:02 PM  1000    724213   11.00   97.00    0.00    0.00  108.00     6  proxy-rust
02:11:03 PM  1000    724213   11.00   99.00    0.00    0.00  110.00     6  proxy-rust
02:11:04 PM  1000    724213   11.00  100.00    0.00    0.00  111.00     6  proxy-rust
Average:     1000    724213   10.53   99.43    0.00    0.00  109.97     -  proxy-rust
