2026-05-27T20:58:20.772669+00:00 starting: 20 tests, 30s each, 10s cooldown -> logs/perf-2026-05-27.log
2026-05-27T20:58:20.772724+00:00 logs: per-artifact iperf -> perf-2026-05-27-<artifact>.log in logs
2026-05-27T20:58:20.772747+00:00 cpu: pidstat on proxy (cpus 14,30) -> cpu-2026-05-27-<artifact>.log
2026-05-27T20:58:20.783787+00:00 bpf: bpftrace syscall counts on proxy (sudo) -> bpf-2026-05-27-<artifact>.log
2026-05-27T20:58:20.783822+00:00 === test 1/20: baseline ===
2026-05-27T20:58:55.789833+00:00 --- cooldown 10s ---
2026-05-27T20:59:05.790269+00:00 === test 2/20: splicer ===
2026-05-27T20:59:41.445719+00:00 --- cooldown 10s ---
2026-05-27T20:59:51.446124+00:00 === test 3/20: splicer ===
2026-05-27T21:00:27.140672+00:00 --- cooldown 10s ---
2026-05-27T21:00:37.140817+00:00 === test 4/20: tokio-splice2 ===
2026-05-27T21:01:12.794616+00:00 --- cooldown 10s ---
2026-05-27T21:01:22.795066+00:00 === test 5/20: tokio-splice2 ===
2026-05-27T21:01:58.448915+00:00 --- cooldown 10s ---
2026-05-27T21:02:08.449341+00:00 === test 6/20: golang ===
2026-05-27T21:02:44.334694+00:00 --- cooldown 10s ---
2026-05-27T21:02:54.335150+00:00 === test 7/20: baseline ===
2026-05-27T21:03:29.340915+00:00 --- cooldown 10s ---
2026-05-27T21:03:39.341288+00:00 === test 8/20: splicer ===
2026-05-27T21:04:15.094631+00:00 --- cooldown 10s ---
2026-05-27T21:04:25.095052+00:00 === test 9/20: tokio-splice2 ===
2026-05-27T21:05:00.749756+00:00 --- cooldown 10s ---
2026-05-27T21:05:10.750164+00:00 === test 10/20: tokio-splice2 ===
2026-05-27T21:05:46.454983+00:00 --- cooldown 10s ---
2026-05-27T21:05:56.455136+00:00 === test 11/20: splicer ===
2026-05-27T21:06:32.109001+00:00 --- cooldown 10s ---
2026-05-27T21:06:42.109414+00:00 === test 12/20: golang ===
2026-05-27T21:07:17.944755+00:00 --- cooldown 10s ---
2026-05-27T21:07:27.945397+00:00 === test 13/20: golang ===
2026-05-27T21:08:03.732430+00:00 --- cooldown 10s ---
2026-05-27T21:08:13.732848+00:00 === test 14/20: tokio-splice2 ===
2026-05-27T21:08:49.386590+00:00 --- cooldown 10s ---
2026-05-27T21:08:59.387018+00:00 === test 15/20: baseline ===
2026-05-27T21:09:34.393589+00:00 --- cooldown 10s ---
2026-05-27T21:09:44.393998+00:00 === test 16/20: baseline ===
2026-05-27T21:10:19.400460+00:00 --- cooldown 10s ---
2026-05-27T21:10:29.400862+00:00 === test 17/20: splicer ===
2026-05-27T21:11:05.105301+00:00 --- cooldown 10s ---
2026-05-27T21:11:15.105711+00:00 === test 18/20: baseline ===
2026-05-27T21:11:50.112254+00:00 --- cooldown 10s ---
2026-05-27T21:12:00.112809+00:00 === test 19/20: golang ===
2026-05-27T21:12:35.948064+00:00 --- cooldown 10s ---
2026-05-27T21:12:45.948500+00:00 === test 20/20: golang ===
2026-05-27T21:13:21.735730+00:00 done
