Connecting to host 127.0.0.1, port 5200
[  6] local 127.0.0.1 port 59880 connected to 127.0.0.1 port 5200
[ ID] Interval           Transfer     Bitrate         Retr  Cwnd
[  6]   0.00-1.00   sec  7.71 GBytes  66.2 Gbits/sec    0   1.12 MBytes       
[  6]   1.00-2.00   sec  7.84 GBytes  67.4 Gbits/sec    0   1.12 MBytes       
[  6]   2.00-3.00   sec  7.95 GBytes  68.3 Gbits/sec    0   1.12 MBytes       
[  6]   3.00-4.00   sec  8.07 GBytes  69.4 Gbits/sec    0   1.12 MBytes       
[  6]   4.00-5.00   sec  7.89 GBytes  67.7 Gbits/sec    0   1.12 MBytes       
[  6]   5.00-6.00   sec  7.44 GBytes  63.9 Gbits/sec    0   1.12 MBytes       
[  6]   6.00-7.00   sec  8.14 GBytes  70.0 Gbits/sec    0   1.12 MBytes       
[  6]   7.00-8.00   sec  7.90 GBytes  67.8 Gbits/sec    0   1.12 MBytes       
[  6]   8.00-9.00   sec  7.86 GBytes  67.6 Gbits/sec    0   1.12 MBytes       
[  6]   9.00-10.00  sec  8.08 GBytes  69.4 Gbits/sec    0   1.12 MBytes       
[  6]  10.00-11.00  sec  8.00 GBytes  68.8 Gbits/sec    0   1.12 MBytes       
[  6]  11.00-12.00  sec  8.05 GBytes  69.1 Gbits/sec    0   1.12 MBytes       
[  6]  12.00-13.00  sec  7.98 GBytes  68.6 Gbits/sec    0   1.12 MBytes       
[  6]  13.00-14.00  sec  7.29 GBytes  62.6 Gbits/sec    0   1.12 MBytes       
[  6]  14.00-15.00  sec  8.02 GBytes  68.9 Gbits/sec    0   1.12 MBytes       
[  6]  15.00-16.00  sec  7.62 GBytes  65.5 Gbits/sec    0   1.12 MBytes       
[  6]  16.00-17.00  sec  8.05 GBytes  69.1 Gbits/sec    0   1.12 MBytes       
[  6]  17.00-18.00  sec  7.97 GBytes  68.5 Gbits/sec    0   1.12 MBytes       
[  6]  18.00-19.00  sec  7.96 GBytes  68.4 Gbits/sec    0   1.12 MBytes       
[  6]  19.00-20.00  sec  7.87 GBytes  67.5 Gbits/sec    0   1.12 MBytes       
[  6]  20.00-21.00  sec  8.07 GBytes  69.3 Gbits/sec    0   1.12 MBytes       
[  6]  21.00-22.00  sec  8.05 GBytes  69.1 Gbits/sec    0   1.12 MBytes       
[  6]  22.00-23.00  sec  8.05 GBytes  69.1 Gbits/sec    0   1.12 MBytes       
[  6]  23.00-24.00  sec  7.87 GBytes  67.6 Gbits/sec    0   1.12 MBytes       
[  6]  24.00-25.00  sec  7.84 GBytes  67.3 Gbits/sec    0   1.12 MBytes       
[  6]  25.00-26.00  sec  7.22 GBytes  62.1 Gbits/sec    0   1.12 MBytes       
[  6]  26.00-27.00  sec  7.98 GBytes  68.6 Gbits/sec    0   1.12 MBytes       
[  6]  27.00-28.00  sec  7.75 GBytes  66.6 Gbits/sec    0   1.12 MBytes       
[  6]  28.00-29.00  sec  8.04 GBytes  69.1 Gbits/sec    0   1.12 MBytes       
[  6]  29.00-30.00  sec  7.83 GBytes  67.2 Gbits/sec    0   1.12 MBytes       
- - - - - - - - - - - - - - - - - - - - - - - - -
[ ID] Interval           Transfer     Bitrate         Retr
[  6]   0.00-30.00  sec   242 GBytes  69.4 Gbits/sec    0            sender
[  6]   0.00-30.00  sec   242 GBytes  69.4 Gbits/sec                  receiver

iperf Done.
Connecting to host 127.0.0.1, port 5200
[  6] local 127.0.0.1 port 48176 connected to 127.0.0.1 port 5200
[ ID] Interval           Transfer     Bitrate         Retr  Cwnd
[  6]   0.00-1.00   sec  7.94 GBytes  68.2 Gbits/sec    0   1.94 MBytes       
[  6]   1.00-2.00   sec  7.51 GBytes  64.5 Gbits/sec    0   1.94 MBytes       
[  6]   2.00-3.00   sec  8.31 GBytes  71.3 Gbits/sec    0   1.94 MBytes       
[  6]   3.00-4.00   sec  7.90 GBytes  67.9 Gbits/sec    0   1.94 MBytes       
[  6]   4.00-5.00   sec  8.05 GBytes  69.1 Gbits/sec    0   1.94 MBytes       
[  6]   5.00-6.00   sec  7.64 GBytes  65.7 Gbits/sec    0   1.94 MBytes       
[  6]   6.00-7.00   sec  8.08 GBytes  69.5 Gbits/sec    0   1.94 MBytes       
[  6]   7.00-8.00   sec  8.21 GBytes  70.5 Gbits/sec    0   1.94 MBytes       
[  6]   8.00-9.00   sec  8.14 GBytes  69.9 Gbits/sec    0   1.94 MBytes       
[  6]   9.00-10.00  sec  8.09 GBytes  69.5 Gbits/sec    0   1.94 MBytes       
[  6]  10.00-11.00  sec  8.08 GBytes  69.4 Gbits/sec    0   1.94 MBytes       
[  6]  11.00-12.00  sec  7.97 GBytes  68.5 Gbits/sec    0   1.94 MBytes       
[  6]  12.00-13.00  sec  7.96 GBytes  68.4 Gbits/sec    0   1.94 MBytes       
[  6]  13.00-14.00  sec  7.91 GBytes  67.9 Gbits/sec    0   1.94 MBytes       
[  6]  14.00-15.00  sec  7.75 GBytes  66.6 Gbits/sec    0   1.94 MBytes       
[  6]  15.00-16.00  sec  7.94 GBytes  68.2 Gbits/sec    0   1.94 MBytes       
[  6]  16.00-17.00  sec  8.14 GBytes  69.9 Gbits/sec    0   1.94 MBytes       
[  6]  17.00-18.00  sec  8.21 GBytes  70.6 Gbits/sec    0   1.94 MBytes       
[  6]  18.00-19.00  sec  8.35 GBytes  71.7 Gbits/sec    0   1.94 MBytes       
[  6]  19.00-20.00  sec  8.55 GBytes  73.4 Gbits/sec    0   1.94 MBytes       
[  6]  20.00-21.00  sec  8.41 GBytes  72.3 Gbits/sec    0   1.94 MBytes       
[  6]  21.00-22.00  sec  8.08 GBytes  69.4 Gbits/sec    0   1.94 MBytes       
[  6]  22.00-23.00  sec  8.25 GBytes  70.8 Gbits/sec    0   1.94 MBytes       
[  6]  23.00-24.00  sec  8.40 GBytes  72.1 Gbits/sec    0   1.94 MBytes       
[  6]  24.00-25.00  sec  8.46 GBytes  72.7 Gbits/sec    0   1.94 MBytes       
[  6]  25.00-26.00  sec  8.18 GBytes  70.2 Gbits/sec    0   1.94 MBytes       
[  6]  26.00-27.00  sec  8.00 GBytes  68.7 Gbits/sec    0   1.94 MBytes       
[  6]  27.00-28.00  sec  8.21 GBytes  70.6 Gbits/sec    0   1.94 MBytes       
[  6]  28.00-29.00  sec  8.56 GBytes  73.5 Gbits/sec    0   1.94 MBytes       
[  6]  29.00-30.00  sec  8.58 GBytes  73.7 Gbits/sec    0   1.94 MBytes       
- - - - - - - - - - - - - - - - - - - - - - - - -
[ ID] Interval           Transfer     Bitrate         Retr
[  6]   0.00-30.00  sec   249 GBytes  71.4 Gbits/sec    0            sender
[  6]   0.00-30.00  sec   249 GBytes  71.4 Gbits/sec                  receiver

iperf Done.
Connecting to host 127.0.0.1, port 5200
[  6] local 127.0.0.1 port 39832 connected to 127.0.0.1 port 5200
[ ID] Interval           Transfer     Bitrate         Retr  Cwnd
[  6]   0.00-1.00   sec  8.10 GBytes  69.5 Gbits/sec    0   1.62 MBytes       
[  6]   1.00-2.00   sec  8.49 GBytes  73.0 Gbits/sec    0   1.62 MBytes       
[  6]   2.00-3.00   sec  8.41 GBytes  72.3 Gbits/sec    0   1.62 MBytes       
[  6]   3.00-4.00   sec  8.06 GBytes  69.2 Gbits/sec    0   1.62 MBytes       
[  6]   4.00-5.00   sec  8.07 GBytes  69.4 Gbits/sec    0   1.62 MBytes       
[  6]   5.00-6.00   sec  8.43 GBytes  72.4 Gbits/sec    0   1.62 MBytes       
[  6]   6.00-7.00   sec  8.20 GBytes  70.5 Gbits/sec    0   1.62 MBytes       
[  6]   7.00-8.00   sec  8.12 GBytes  69.8 Gbits/sec    0   1.62 MBytes       
[  6]   8.00-9.00   sec  7.93 GBytes  68.1 Gbits/sec    0   1.62 MBytes       
[  6]   9.00-10.00  sec  7.53 GBytes  64.7 Gbits/sec    0   1.62 MBytes       
[  6]  10.00-11.00  sec  7.99 GBytes  68.7 Gbits/sec    0   1.62 MBytes       
[  6]  11.00-12.00  sec  8.01 GBytes  68.8 Gbits/sec    0   1.62 MBytes       
[  6]  12.00-13.00  sec  8.28 GBytes  71.0 Gbits/sec    0   1.62 MBytes       
[  6]  13.00-14.00  sec  8.24 GBytes  70.8 Gbits/sec    0   1.62 MBytes       
[  6]  14.00-15.00  sec  8.16 GBytes  70.0 Gbits/sec    0   1.62 MBytes       
[  6]  15.00-16.00  sec  8.31 GBytes  71.5 Gbits/sec    0   1.62 MBytes       
[  6]  16.00-17.00  sec  7.62 GBytes  65.5 Gbits/sec    0   1.62 MBytes       
[  6]  17.00-18.00  sec  8.19 GBytes  70.3 Gbits/sec    0   1.62 MBytes       
[  6]  18.00-19.00  sec  8.38 GBytes  71.9 Gbits/sec    0   1.62 MBytes       
[  6]  19.00-20.00  sec  8.52 GBytes  73.3 Gbits/sec    0   1.62 MBytes       
[  6]  20.00-21.00  sec  8.37 GBytes  71.8 Gbits/sec    0   1.62 MBytes       
[  6]  21.00-22.00  sec  8.37 GBytes  71.9 Gbits/sec    0   1.62 MBytes       
[  6]  22.00-23.00  sec  8.43 GBytes  72.4 Gbits/sec    0   1.62 MBytes       
[  6]  23.00-24.00  sec  8.07 GBytes  69.4 Gbits/sec    0   1.62 MBytes       
[  6]  24.00-25.00  sec  7.96 GBytes  68.4 Gbits/sec    0   1.62 MBytes       
[  6]  25.00-26.00  sec  7.90 GBytes  67.8 Gbits/sec    0   1.62 MBytes       
[  6]  26.00-27.00  sec  8.29 GBytes  71.2 Gbits/sec    0   1.62 MBytes       
[  6]  27.00-28.00  sec  8.31 GBytes  71.4 Gbits/sec    0   1.62 MBytes       
[  6]  28.00-29.00  sec  8.51 GBytes  73.1 Gbits/sec    0   1.62 MBytes       
[  6]  29.00-30.00  sec  8.45 GBytes  72.5 Gbits/sec    0   1.62 MBytes       
- - - - - - - - - - - - - - - - - - - - - - - - -
[ ID] Interval           Transfer     Bitrate         Retr
[  6]   0.00-30.00  sec   250 GBytes  71.5 Gbits/sec    0            sender
[  6]   0.00-30.00  sec   250 GBytes  71.5 Gbits/sec                  receiver

iperf Done.
Connecting to host 127.0.0.1, port 5200
[  6] local 127.0.0.1 port 51922 connected to 127.0.0.1 port 5200
[ ID] Interval           Transfer     Bitrate         Retr  Cwnd
[  6]   0.00-1.00   sec  7.68 GBytes  65.9 Gbits/sec    0   1.12 MBytes       
[  6]   1.00-2.00   sec  7.99 GBytes  68.6 Gbits/sec    0   1.12 MBytes       
[  6]   2.00-3.00   sec  8.26 GBytes  71.0 Gbits/sec    0   1.12 MBytes       
[  6]   3.00-4.00   sec  7.76 GBytes  66.6 Gbits/sec    0   1.12 MBytes       
[  6]   4.00-5.00   sec  8.09 GBytes  69.5 Gbits/sec    0   1.12 MBytes       
[  6]   5.00-6.00   sec  7.66 GBytes  65.8 Gbits/sec    0   1.12 MBytes       
[  6]   6.00-7.00   sec  8.01 GBytes  68.9 Gbits/sec    0   1.12 MBytes       
[  6]   7.00-8.00   sec  8.07 GBytes  69.3 Gbits/sec    0   1.12 MBytes       
[  6]   8.00-9.00   sec  8.06 GBytes  69.1 Gbits/sec    0   1.12 MBytes       
[  6]   9.00-10.00  sec  8.12 GBytes  69.7 Gbits/sec    0   1.12 MBytes       
[  6]  10.00-11.00  sec  7.63 GBytes  65.6 Gbits/sec    0   1.12 MBytes       
[  6]  11.00-12.00  sec  8.12 GBytes  69.7 Gbits/sec    0   1.12 MBytes       
[  6]  12.00-13.00  sec  8.08 GBytes  69.5 Gbits/sec    0   1.12 MBytes       
[  6]  13.00-14.00  sec  8.52 GBytes  73.1 Gbits/sec    0   1.12 MBytes       
[  6]  14.00-15.00  sec  7.64 GBytes  65.7 Gbits/sec    0   1.12 MBytes       
[  6]  15.00-16.00  sec  8.05 GBytes  69.1 Gbits/sec    0   1.12 MBytes       
[  6]  16.00-17.00  sec  7.89 GBytes  67.8 Gbits/sec    0   1.12 MBytes       
[  6]  17.00-18.00  sec  7.76 GBytes  66.6 Gbits/sec    0   1.12 MBytes       
[  6]  18.00-19.00  sec  8.36 GBytes  71.8 Gbits/sec    0   1.12 MBytes       
[  6]  19.00-20.00  sec  7.89 GBytes  67.8 Gbits/sec    0   1.12 MBytes       
[  6]  20.00-21.00  sec  8.40 GBytes  72.2 Gbits/sec    0   1.12 MBytes       
[  6]  21.00-22.00  sec  8.41 GBytes  72.1 Gbits/sec    0   1.12 MBytes       
[  6]  22.00-23.00  sec  8.40 GBytes  72.1 Gbits/sec    0   1.12 MBytes       
[  6]  23.00-24.00  sec  8.08 GBytes  69.5 Gbits/sec    0   1.12 MBytes       
[  6]  24.00-25.00  sec  7.54 GBytes  64.8 Gbits/sec    0   1.12 MBytes       
[  6]  25.00-26.00  sec  8.02 GBytes  68.8 Gbits/sec    0   1.12 MBytes       
[  6]  26.00-27.00  sec  7.85 GBytes  67.4 Gbits/sec    0   1.12 MBytes       
[  6]  27.00-28.00  sec  7.78 GBytes  66.9 Gbits/sec    0   1.12 MBytes       
[  6]  28.00-29.00  sec  7.83 GBytes  67.2 Gbits/sec    0   1.12 MBytes       
[  6]  29.00-30.00  sec  7.80 GBytes  67.0 Gbits/sec    0   1.12 MBytes       
- - - - - - - - - - - - - - - - - - - - - - - - -
[ ID] Interval           Transfer     Bitrate         Retr
[  6]   0.00-30.00  sec   246 GBytes  70.3 Gbits/sec    0            sender
[  6]   0.00-30.00  sec   246 GBytes  70.3 Gbits/sec                  receiver

iperf Done.
Connecting to host 127.0.0.1, port 5200
[  6] local 127.0.0.1 port 36862 connected to 127.0.0.1 port 5200
[ ID] Interval           Transfer     Bitrate         Retr  Cwnd
[  6]   0.00-1.00   sec  8.04 GBytes  69.0 Gbits/sec    0   1.06 MBytes       
[  6]   1.00-2.00   sec  8.52 GBytes  73.2 Gbits/sec    0   1.06 MBytes       
[  6]   2.00-3.00   sec  8.56 GBytes  73.5 Gbits/sec    0   1.06 MBytes       
[  6]   3.00-4.00   sec  8.34 GBytes  71.6 Gbits/sec    0   1.06 MBytes       
[  6]   4.00-5.00   sec  8.38 GBytes  72.0 Gbits/sec    0   1.06 MBytes       
[  6]   5.00-6.00   sec  8.27 GBytes  71.0 Gbits/sec    0   1.06 MBytes       
[  6]   6.00-7.00   sec  8.58 GBytes  73.7 Gbits/sec    0   1.06 MBytes       
[  6]   7.00-8.00   sec  8.53 GBytes  73.2 Gbits/sec    0   1.06 MBytes       
[  6]   8.00-9.00   sec  8.36 GBytes  71.8 Gbits/sec    0   1.06 MBytes       
[  6]   9.00-10.00  sec  8.30 GBytes  71.3 Gbits/sec    0   1.06 MBytes       
[  6]  10.00-11.00  sec  8.45 GBytes  72.6 Gbits/sec    0   1.06 MBytes       
[  6]  11.00-12.00  sec  8.45 GBytes  72.6 Gbits/sec    0   1.06 MBytes       
[  6]  12.00-13.00  sec  8.53 GBytes  73.3 Gbits/sec    0   1.06 MBytes       
[  6]  13.00-14.00  sec  8.33 GBytes  71.5 Gbits/sec    0   1.06 MBytes       
[  6]  14.00-15.00  sec  8.47 GBytes  72.8 Gbits/sec    0   1.06 MBytes       
[  6]  15.00-16.00  sec  8.52 GBytes  73.2 Gbits/sec    0   1.06 MBytes       
[  6]  16.00-17.00  sec  8.54 GBytes  73.3 Gbits/sec    0   1.06 MBytes       
[  6]  17.00-18.00  sec  8.30 GBytes  71.3 Gbits/sec    0   1.06 MBytes       
[  6]  18.00-19.00  sec  7.87 GBytes  67.6 Gbits/sec    0   1.06 MBytes       
[  6]  19.00-20.00  sec  8.15 GBytes  70.0 Gbits/sec    0   1.06 MBytes       
[  6]  20.00-21.00  sec  8.45 GBytes  72.6 Gbits/sec    0   1.06 MBytes       
[  6]  21.00-22.00  sec  8.06 GBytes  69.2 Gbits/sec    0   1.06 MBytes       
[  6]  22.00-23.00  sec  8.52 GBytes  73.2 Gbits/sec    0   1.06 MBytes       
[  6]  23.00-24.00  sec  8.38 GBytes  72.0 Gbits/sec    0   1.06 MBytes       
[  6]  24.00-25.00  sec  8.26 GBytes  70.9 Gbits/sec    0   1.06 MBytes       
[  6]  25.00-26.00  sec  8.50 GBytes  73.0 Gbits/sec    0   1.06 MBytes       
[  6]  26.00-27.00  sec  8.39 GBytes  72.0 Gbits/sec    0   1.06 MBytes       
[  6]  27.00-28.00  sec  8.24 GBytes  70.8 Gbits/sec    0   1.06 MBytes       
[  6]  28.00-29.00  sec  8.38 GBytes  72.0 Gbits/sec    0   1.06 MBytes       
[  6]  29.00-30.00  sec  8.28 GBytes  71.1 Gbits/sec    0   1.06 MBytes       
- - - - - - - - - - - - - - - - - - - - - - - - -
[ ID] Interval           Transfer     Bitrate         Retr
[  6]   0.00-30.00  sec   256 GBytes  73.2 Gbits/sec    0            sender
[  6]   0.00-30.00  sec   256 GBytes  73.2 Gbits/sec                  receiver

iperf Done.
